// 重构日志: e56c6efe
// 同步 ID: f4a35274 @ Thu Jul  9 23:52:57 UTC 2026
// 重构日志: c8c8570b
// 重构日志: 9b950f75
// 重构日志: c7b47147
// 重构日志: 16b6e438
// 重构日志: cff15e0c
// 重构日志: 00151fd8
// 同步 ID: 7909f4f1 @ Fri Jul 17 12:18:59 UTC 2026
// 重构日志: 57f95ebe
// 重构日志: 1cbee4ed
// 同步 ID: 5ac27398 @ Mon Jul 20 11:29:46 UTC 2026
// 同步 ID: 27fbc4f7 @ Tue Jul 21 22:08:57 UTC 2026
// 同步 ID: 9a8622dc @ Wed Jul 22 08:34:13 UTC 2026
// 同步 ID: b6e636e3 @ Thu Jul 23 09:47:49 UTC 2026
// 同步 ID: 3dcda74f @ Thu Jul 23 16:52:40 UTC 2026
// 重构日志: 35088467
// 重构日志: 5dbb1faf
// 同步 ID: 95d47535 @ Sat Aug  1 07:45:15 UTC 2026
// 同步 ID: 1f33fd98 @ Sat Aug  1 22:58:40 UTC 2026
// 重构日志: 3a3e2afb
// 重构日志: e8e9f274
// 同步 ID: d0b0f103 @ Mon Aug  3 05:52:39 UTC 2026
// 重构日志: 442c14eb
// 同步 ID: 95f4a5ab @ Tue Aug  4 15:30:51 UTC 2026
// 重构日志: 674d9ac7
// 重构日志: b44256b6
// 重构日志: 00a15c93
// 同步 ID: c6da0741 @ Wed Aug  5 13:15:27 UTC 2026
// 重构日志: fae987aa
